// Jest Snapshot v1, https://goo.gl/fbAQLP

exports[`should render correctly 1`] = `
<Menu>
  <div>
    <MenuButton
      aria-controls="mockUuid-display"
      id="mockUuid-button"
      onClick={[Function]}
      onKeyDown={[Function]}
    >
      <a
        aria-controls="mockUuid-display"
        aria-haspopup="true"
        id="mockUuid-button"
        onClick={[Function]}
        onKeyDown={[Function]}
        role="button"
        tabIndex={0}
      >
        Toggle Menu
      </a>
    </MenuButton>
    <MenuDisplay
      aria-labelledby="mockUuid-button"
      id="mockUuid-display"
      shouldFocusOnLastElement={false}
      visible={false}
    >
      <ul
        aria-labelledby="mockUuid-button"
        id="mockUuid-display"
        style={
          Object {
            "visibility": "hidden",
          }
        }
      >
        <li>
          <h1
            onKeyDown={[Function]}
            role="menuitem"
            tabIndex={-1}
          >
            First
          </h1>
        </li>
        <li>
          <h1
            onKeyDown={[Function]}
            role="menuitem"
            tabIndex={-1}
          >
            Second
          </h1>
        </li>
        <li>
          <h1
            onKeyDown={[Function]}
            role="menuitem"
            tabIndex={-1}
          >
            Third
          </h1>
        </li>
      </ul>
    </MenuDisplay>
  </div>
</Menu>
`;
