// Jest Snapshot v1, https://goo.gl/fbAQLP

exports[`should render correctly 1`] = `
<Menu>
  <div>
    <MenuButton
      aria-controls="mockUuid-display"
      id="mockUuid-button"
      onClick={[Function]}
      onKeyDown={[Function]}
    >
      <a
        aria-controls="mockUuid-display"
        aria-haspopup="true"
        id="mockUuid-button"
        onClick={[Function]}
        onKeyDown={[Function]}
        role="button"
        tabIndex={0}
      >
        Toggle Menu
      </a>
    </MenuButton>
  </div>
</Menu>
`;
