// Jest Snapshot v1, https://goo.gl/fbAQLP

exports[`should render children correctly 1`] = `
<ul
  style={
    Object {
      "visibility": "hidden",
    }
  }
>
  <li>
    <h1
      onKeyDown={[Function]}
      role="menuitem"
      tabIndex={-1}
    >
      First
    </h1>
  </li>
  <li>
    <h1
      onKeyDown={[Function]}
      role="menuitem"
      tabIndex={-1}
    >
      Second
    </h1>
  </li>
  <li>
    <h1
      onKeyDown={[Function]}
      role="menuitem"
      tabIndex={-1}
    >
      Third
    </h1>
  </li>
</ul>
`;
